files/157.csv
id,week,center_id,meal_id,checkout_price,base_price,emailer_for_promotion,homepage_featured,num_orders
1231265,2,157,2704,244.5,243.5,0,0,15
1187009,3,157,2704,243.5,244.5,0,0,40
1015250,4,157,2704,244.5,242.5,0,0,40
1474359,5,157,2704,280.33,282.33,0,0,26
1407883,7,157,2704,281.33,282.33,0,0,26
1029426,9,157,2704,282.33,281.33,0,0,27
1414783,10,157,2704,243.53,282.33,0,0,42
1140323,11,157,2704,242.53,280.33,0,0,14
1235429,12,157,2704,254.14,254.14,0,0,41
1223567,13,157,2704,280.33,282.33,0,0,14
1365209,14,157,2704,280.33,281.33,0,0,41
1114213,15,157,2704,280.33,282.33,0,0,27
1407767,16,157,2704,281.33,280.33,0,0,68
1161996,19,157,2704,282.33,282.33,0,0,53
1109669,21,157,2704,282.33,281.33,0,0,13
1171061,22,157,2704,242.5,280.33,0,0,41
1192153,23,157,2704,243.5,281.33,0,0,41
1267240,24,157,2704,243.5,280.33,0,0,15
1428757,25,157,2704,290.03,291.03,0,0,14
1104352,26,157,2704,291.03,292.03,0,0,27
1340439,28,157,2704,242.53,292.03,1,1,149
1083801,29,157,2704,241.53,291.03,1,1,41
1482486,30,157,2704,241.53,290.03,0,1,81
1141090,31,157,2704,291.03,292.03,0,0,40
1122854,32,157,2704,291.03,292.03,0,0,42
1181245,33,157,2704,291.03,291.03,0,0,53
1390070,34,157,2704,290.03,292.03,0,0,41
1392807,35,157,2704,242.5,291.03,0,0,67
1294673,36,157,2704,244.5,292.03,0,0,54
1003285,37,157,2704,244.5,292.03,0,0,69
1047012,38,157,2704,244.5,290.03,0,0,80
1098854,39,157,2704,260.02,292.03,0,0,40
1431215,40,157,2704,290.03,291.03,0,0,28
1498375,41,157,2704,290.03,290.03,0,0,40
1015493,42,157,2704,292.03,292.03,0,0,42
1312662,43,157,2704,242.53,290.03,1,0,55
1429753,44,157,2704,243.53,290.03,1,0,69
1408374,48,157,2704,290.03,291.03,0,0,122
1318492,49,157,2704,290.03,291.03,0,0,13
1107601,50,157,2704,290.03,290.03,0,0,122
1485896,51,157,2704,291.03,292.03,0,0,55
1144559,55,157,2704,291.03,292.03,0,0,27
1116170,56,157,2704,242.53,292.03,1,1,122
1341534,57,157,2704,242.53,292.03,1,1,109
1264657,58,157,2704,243.53,292.03,0,0,67
1368034,59,157,2704,290.03,292.03,0,0,41
1487398,60,157,2704,291.03,291.03,0,0,82
1319137,61,157,2704,290.03,290.03,0,0,55
1014510,63,157,2704,248.35,290.03,1,0,109
1386446,64,157,2704,241.53,290.03,1,0,150
1076744,65,157,2704,243.53,291.03,0,0,82
1081862,66,157,2704,291.03,292.03,0,0,26
1430265,67,157,2704,292.03,291.03,0,0,41
1241178,68,157,2704,290.03,292.03,0,0,14
1293503,69,157,2704,290.03,290.03,0,0,28
1464918,70,157,2704,291.03,292.03,0,0,15
1322151,71,157,2704,292.03,291.03,0,0,42
1155250,72,157,2704,290.03,290.03,0,0,41
1211956,73,157,2704,242.5,292.03,0,0,27
1388293,74,157,2704,243.5,292.03,0,0,69
1240208,75,157,2704,242.5,292.03,0,0,68
1050179,76,157,2704,274.51,275.51,0,0,81
1094687,77,157,2704,242.5,275.51,0,0,53
1206343,78,157,2704,266.75,268.75,0,0,26
1423753,79,157,2704,291.03,292.03,0,0,28
1451946,80,157,2704,243.53,290.03,1,0,41
1274646,81,157,2704,242.53,292.03,1,0,175
1348457,82,157,2704,242.53,292.03,0,1,80
1041354,83,157,2704,291.03,292.03,0,0,28
1013518,84,157,2704,290.03,291.03,0,0,54
1155816,85,157,2704,244.5,292.03,0,0,40
1208331,86,157,2704,244.5,290.03,0,0,55
1040725,87,157,2704,249.29,290.03,1,0,94
1351958,88,157,2704,268.75,267.75,0,0,13
1252793,89,157,2704,291.03,292.03,0,0,107
1228249,90,157,2704,292.03,290.03,0,0,69
1158366,91,157,2704,290.03,290.03,0,0,41
1287950,92,157,2704,290.03,291.03,0,0,28
1457898,93,157,2704,290.03,290.03,0,0,67
1019764,94,157,2704,291.03,291.03,0,0,134
1447958,95,157,2704,291.03,291.03,0,0,54
1398286,96,157,2704,243.53,291.03,0,0,96
1106773,97,157,2704,243.53,292.03,0,0,67
1458714,98,157,2704,242.53,292.03,0,0,28
1352407,99,157,2704,290.03,292.03,0,0,13
1494788,100,157,2704,290.03,292.03,0,0,94
1476509,101,157,2704,291.03,291.03,0,0,96
1323746,102,157,2704,292.03,290.03,0,0,107
1315050,103,157,2704,292.03,291.03,0,0,107
1135349,104,157,2704,271.63,271.63,0,0,42
1057380,105,157,2704,260.93,261.93,0,0,82
1336940,106,157,2704,261.93,260.93,0,0,40
1252217,107,157,2704,261.93,260.93,0,0,54
1388593,108,157,2704,262.93,262.93,0,0,53
1231166,109,157,2704,251.23,251.23,0,0,69
1232558,110,157,2704,243.53,243.53,0,0,26
1496580,111,157,2704,241.53,243.53,0,0,96
1457730,112,157,2704,242.53,242.53,0,0,28
1183985,113,157,2704,248.35,247.35,0,0,121
1408403,114,157,2704,243.53,242.53,0,0,121
1280276,115,157,2704,292.03,292.03,0,0,41
1371981,116,157,2704,291.03,291.03,0,0,67
1161475,117,157,2704,290.03,290.03,0,0,80
1009585,118,157,2704,291.03,290.03,0,0,67
1426721,119,157,2704,291.03,292.03,0,0,26
1102148,121,157,2704,241.53,292.03,0,1,80
1179859,122,157,2704,232.83,291.03,0,1,135
1038923,123,157,2704,227.95,290.03,0,1,148
1251715,124,157,2704,319.13,320.13,0,0,13
1004973,125,157,2704,319.13,321.13,0,0,15
1125513,126,157,2704,321.13,320.13,0,0,53
1023826,127,157,2704,321.13,321.13,0,0,68
1340277,128,157,2704,320.13,319.13,0,0,42
1427975,129,157,2704,321.13,319.13,0,0,27
1179716,130,157,2704,319.13,321.13,0,0,80
1022938,131,157,2704,262.93,320.13,0,0,123
1218605,132,157,2704,261.93,320.13,0,0,13
1305067,134,157,2704,320.13,319.13,0,0,14
1393789,135,157,2704,320.13,320.13,0,0,81
1030927,136,157,2704,320.13,321.13,0,0,54
1043145,137,157,2704,257.05,321.13,0,1,176
1243957,138,157,2704,259.05,320.13,0,1,190
1051851,139,157,2704,261.93,319.13,0,1,94
1194075,140,157,2704,304.58,306.58,0,0,26
1465488,141,157,2704,321.13,319.13,0,0,41
1323826,143,157,2704,321.13,319.13,0,0,26
1343445,144,157,2704,320.13,320.13,0,0,27
1305248,145,157,2704,320.13,320.13,0,0,82
1005318,3,157,1770,484.03,484.03,0,0,41
1167546,4,157,1770,484.03,484.03,0,0,40
1017937,5,157,1770,484.03,485.03,0,0,14
1093905,7,157,1770,485.03,485.03,0,0,27
1100208,8,157,1770,484.03,484.03,0,0,26
1244380,10,157,1770,486.03,485.03,0,0,13
1498084,11,157,1770,484.03,484.03,0,0,14
1320529,15,157,1770,484.03,484.03,0,0,14
1405503,17,157,1770,387.03,485.03,0,0,27
1311379,18,157,1770,389.03,484.03,0,0,40
1452046,21,157,1770,486.03,485.03,0,0,40
1123372,22,157,1770,485.03,485.03,0,0,13
1224227,23,157,1770,485.03,485.03,0,0,13
1235028,27,157,1770,484.03,484.03,0,0,27
1158720,28,157,1770,389.03,486.03,0,0,15
1170768,29,157,1770,389.03,485.03,0,0,13
1055435,30,157,1770,387.03,484.03,0,0,15
1378464,31,157,1770,387.03,486.03,0,0,14
1274711,32,157,1770,486.03,484.03,0,0,14
1160353,33,157,1770,486.03,486.03,0,0,14
1349404,34,157,1770,485.03,484.03,0,0,13
1377484,35,157,1770,484.03,486.03,0,0,14
1458531,39,157,1770,485.03,486.03,0,0,15
1146168,40,157,1770,485.03,486.03,0,0,27
1443096,41,157,1770,486.03,485.03,0,0,14
1280711,42,157,1770,486.03,485.03,0,0,13
1363861,43,157,1770,484.03,486.03,0,0,27
1135890,45,157,1770,436.53,484.03,0,0,28
1446779,47,157,1770,435.53,485.03,0,0,27
1458054,48,157,1770,435.53,486.03,0,0,28
1424401,50,157,1770,486.03,486.03,0,0,26
1002430,51,157,1770,486.03,484.03,0,0,13
1294188,52,157,1770,484.03,485.03,0,0,13
1267054,54,157,1770,388.03,486.03,0,0,13
1226657,55,157,1770,389.03,484.03,0,0,41
1373455,56,157,1770,389.03,485.03,0,0,13
1155886,58,157,1770,484.03,485.03,0,0,14
1471212,60,157,1770,486.03,485.03,0,0,69
1046318,61,157,1770,484.03,484.03,0,0,15
1498302,62,157,1770,485.03,484.03,0,0,26
1096047,64,157,1770,485.03,484.03,0,0,14
1188162,66,157,1770,485.03,485.03,0,0,28
1044303,67,157,1770,466.63,465.63,0,0,14
1240643,69,157,1770,464.63,465.63,0,0,15
1207860,71,157,1770,464.63,465.63,0,0,15
1321994,73,157,1770,455.93,456.93,0,0,14
1491893,74,157,1770,455.93,455.93,0,0,13
1299784,75,157,1770,455.93,456.93,0,0,13
1480278,76,157,1770,454.93,456.93,0,0,14
1396958,78,157,1770,455.93,454.93,0,0,42
1413439,79,157,1770,455.93,455.93,0,0,14
1232038,81,157,1770,455.93,455.93,0,0,26
1232915,82,157,1770,456.93,455.93,0,0,40
1121673,84,157,1770,456.93,455.93,0,0,26
1098181,85,157,1770,454.93,454.93,0,0,15
1171888,86,157,1770,455.93,455.93,0,0,53
1354960,87,157,1770,454.93,456.93,0,0,14
1265009,88,157,1770,456.93,454.93,0,0,15
1322467,90,157,1770,454.93,455.93,0,0,26
1021655,91,157,1770,454.93,455.93,0,0,27
1044312,92,157,1770,455.93,456.93,0,0,15
1075040,93,157,1770,455.93,456.93,0,0,28
1391360,94,157,1770,454.93,455.93,0,0,53
1091389,96,157,1770,454.93,454.93,0,0,27
1380614,97,157,1770,456.93,456.93,0,0,13
1147716,98,157,1770,455.93,454.93,0,0,15
1256018,101,157,1770,455.93,455.93,0,0,15
1294954,102,157,1770,454.93,455.93,0,0,54
1163031,103,157,1770,456.93,455.93,0,0,15
1157424,104,157,1770,383.18,455.93,0,0,26
1162334,105,157,1770,384.18,455.93,0,0,55
1390500,106,157,1770,384.18,455.93,0,0,13
1138140,107,157,1770,382.18,455.93,0,0,42
1241756,108,157,1770,384.18,456.93,0,0,13
1115371,109,157,1770,455.93,456.93,0,0,15
1267827,113,157,1770,455.93,456.93,0,0,13
1462033,114,157,1770,454.93,454.93,0,0,14
1241419,116,157,1770,456.93,456.93,0,0,15
1127816,117,157,1770,455.93,454.93,0,0,13
1357631,118,157,1770,456.93,456.93,0,0,14
1049215,119,157,1770,406.43,455.93,0,0,42
1229669,120,157,1770,382.18,454.93,0,0,15
1497378,122,157,1770,383.18,456.93,0,0,13
1141166,123,157,1770,384.18,454.93,0,0,15
1060500,124,157,1770,454.93,455.93,0,0,27
1335002,125,157,1770,455.93,456.93,0,0,14
1395713,128,157,1770,456.93,454.93,0,0,28
1206264,129,157,1770,454.93,455.93,0,0,41
1106791,131,157,1770,416.13,418.13,0,0,27
1158398,132,157,1770,416.13,417.13,0,0,13
1263434,134,157,1770,454.93,454.93,0,0,26
1033922,135,157,1770,455.93,456.93,0,0,14
1226653,137,157,1770,455.93,456.93,0,0,107
1332177,139,157,1770,455.93,455.93,0,0,15
1328808,142,157,1770,454.93,456.93,0,0,28
1226401,143,157,1770,456.93,456.93,0,0,15
1334435,144,157,1770,454.93,455.93,0,0,13
1352246,10,157,2664,165.93,164.93,0,0,27
1032218,14,157,2664,260.93,262.93,0,0,96
1287065,15,157,2664,326.89,326.89,0,0,150
1220550,16,157,2664,326.89,326.89,0,0,108
1192421,17,157,2664,328.89,328.89,0,0,230
1133016,18,157,2664,328.89,326.89,0,0,230
1132106,19,157,2664,327.89,328.89,0,0,296
1341259,20,157,2664,326.89,328.89,0,0,229
1342365,21,157,2664,326.89,326.89,0,0,393
1488206,22,157,2664,327.89,327.89,0,0,244
1263826,23,157,2664,328.89,328.89,0,0,190
1104358,24,157,2664,328.89,327.89,0,0,188
1381474,25,157,2664,326.89,328.89,0,0,216
1214060,26,157,2664,327.89,328.89,0,0,338
1271037,27,157,2664,244.5,327.89,0,0,323
1353976,28,157,2664,328.89,326.89,0,0,311
1246929,29,157,2664,326.89,326.89,0,0,244
1046856,30,157,2664,326.89,327.89,0,0,297
1200872,31,157,2664,327.89,327.89,0,0,229
1041572,32,157,2664,327.89,327.89,0,0,230
1088547,33,157,2664,328.89,328.89,0,0,270
1008828,34,157,2664,328.89,326.89,0,0,163
1219352,35,157,2664,327.89,327.89,0,0,162
1034491,36,157,2664,327.89,328.89,0,0,296
1269280,37,157,2664,242.5,327.89,1,0,487
1001520,38,157,2664,327.89,327.89,0,0,161
1271774,39,157,2664,326.89,326.89,0,0,217
1439773,40,157,2664,328.89,327.89,0,0,270
1194470,41,157,2664,326.89,326.89,0,0,217
1192626,42,157,2664,327.89,328.89,0,0,377
1430368,43,157,2664,327.89,328.89,0,0,283
1260281,44,157,2664,328.89,328.89,0,0,190
1387428,45,157,2664,326.89,328.89,0,0,323
1108463,46,157,2664,326.89,326.89,0,0,175
1078652,47,157,2664,326.89,327.89,0,0,215
1408008,48,157,2664,328.89,327.89,0,0,242
1257837,49,157,2664,326.89,326.89,0,0,217
1476029,50,157,2664,326.89,328.89,0,0,177
1118012,51,157,2664,327.89,327.89,0,0,163
1113674,52,157,2664,326.89,328.89,0,0,298
1159592,53,157,2664,326.89,326.89,0,0,230
1425485,54,157,2664,327.89,326.89,0,0,311
1341428,55,157,2664,301.7,302.7,0,0,445
1038341,56,157,2664,261.9,302.7,1,1,918
1308592,57,157,2664,262.93,302.7,1,1,879
1189263,58,157,2664,321.1,322.1,0,0,258
1423339,59,157,2664,327.89,326.89,0,0,176
1479365,60,157,2664,327.89,327.89,0,0,257
1138399,61,157,2664,327.89,326.89,0,0,204
1251795,62,157,2664,326.89,327.89,0,0,163
1365107,63,157,2664,328.89,328.89,0,0,81
1191718,64,157,2664,327.89,326.89,0,0,175
1399142,65,157,2664,328.89,327.89,0,0,269
1482354,66,157,2664,326.89,328.89,0,0,177
1037570,67,157,2664,326.89,327.89,0,0,243
1254193,68,157,2664,328.89,326.89,0,0,176
1263364,69,157,2664,327.89,328.89,0,0,230
1298102,70,157,2664,310.4,311.4,0,0,150
1007881,71,157,2664,327.89,328.89,0,0,258
1251299,72,157,2664,327.89,327.89,0,0,231
1121337,73,157,2664,327.89,326.89,0,0,231
1142316,74,157,2664,328.89,326.89,0,0,204
1245243,75,157,2664,328.89,326.89,0,0,135
1245059,76,157,2664,326.89,328.89,0,0,148
1032815,77,157,2664,328.89,328.89,0,0,135
1081747,78,157,2664,311.4,310.4,0,0,216
1072633,79,157,2664,311.43,311.43,0,0,150
1338732,80,157,2664,311.43,310.43,0,0,107
1325571,81,157,2664,311.43,310.43,0,0,297
1339229,82,157,2664,244.5,310.43,1,1,797
1440112,83,157,2664,305.55,307.55,0,0,257
1002948,84,157,2664,311.43,309.43,0,0,203
1342137,85,157,2664,311.43,310.43,0,0,231
1015173,86,157,2664,310.43,310.43,0,0,215
1021943,87,157,2664,309.43,310.43,0,0,257
1236660,88,157,2664,309.43,310.43,0,0,296
1122271,89,157,2664,310.43,311.43,0,0,256
1455104,90,157,2664,310.43,309.43,0,0,188
1446046,91,157,2664,275.54,310.43,0,0,229
1086349,92,157,2664,281.3,282.3,0,0,190
1263487,93,157,2664,282.3,281.3,0,0,256
1250830,94,157,2664,281.3,281.3,0,0,136
1314055,95,157,2664,258.08,257.08,0,0,134
1095230,96,157,2664,282.3,283.3,0,0,134
1159080,97,157,2664,283.3,281.3,0,0,189
1118328,98,157,2664,281.3,283.3,0,0,284
1020446,99,157,2664,281.3,283.3,0,0,163
1460963,100,157,2664,260.93,260.93,0,0,188
1208412,101,157,2664,267.75,267.75,0,0,257
1427317,102,157,2664,282.3,283.3,0,0,190
1464111,103,157,2664,283.3,283.3,0,0,364
1099414,104,157,2664,281.3,283.3,0,0,231
1450612,105,157,2664,282.3,281.3,0,0,366
1300071,106,157,2664,283.3,281.3,0,0,311
1163299,107,157,2664,281.3,282.3,0,0,269
1358014,108,157,2664,282.3,282.3,0,0,244
1211480,109,157,2664,266.78,265.78,0,0,244
1451162,110,157,2664,282.3,282.3,0,0,189
1306362,111,157,2664,262.93,262.93,0,0,188
1331478,112,157,2664,282.3,282.3,0,0,392
1292642,113,157,2664,281.3,281.3,0,0,175
1042780,114,157,2664,283.3,282.3,0,0,204
1414828,115,157,2664,242.53,281.3,1,0,593
1179356,116,157,2664,242.53,281.3,0,1,433
1083249,117,157,2664,282.3,282.3,0,0,311
1123222,118,157,2664,282.3,282.3,0,0,190
1124212,119,157,2664,283.3,281.3,0,0,285
1381664,120,157,2664,282.3,282.3,0,0,216
1441196,121,157,2664,282.3,283.3,0,0,459
1168494,122,157,2664,283.3,282.3,0,0,379
1296840,123,157,2664,283.3,281.3,0,0,366
1002053,124,157,2664,283.3,282.3,0,0,283
1447226,125,157,2664,282.3,281.3,0,0,271
1331374,126,157,2664,331.8,329.8,0,0,230
1347659,127,157,2664,338.53,340.53,0,0,80
1367102,128,157,2664,340.53,339.53,0,0,297
1222940,129,157,2664,314.28,315.28,0,0,176
1329716,130,157,2664,338.53,338.53,0,0,135
1466984,131,157,2664,339.53,339.53,0,0,230
1405193,132,157,2664,339.53,340.53,0,0,121
1330520,133,157,2664,339.53,340.53,0,0,189
1368195,134,157,2664,340.53,339.53,0,0,27
1075810,135,157,2664,338.53,340.53,0,0,68
1060279,136,157,2664,282.27,339.53,0,0,81
1445063,137,157,2664,338.53,339.53,0,0,67
1170770,138,157,2664,338.53,339.53,0,0,53
1265265,139,157,2664,339.53,339.53,0,0,215
1452942,140,157,2664,290.03,339.53,0,0,107
1053069,141,157,2664,285.24,338.53,0,0,135
1304372,142,157,2664,284.24,339.53,0,0,230
1389440,143,157,2664,284.24,340.53,0,0,94
1090875,144,157,2664,245.47,340.53,1,1,688
1387370,145,157,2664,244.5,338.53,0,0,339
